[2025-12-17T19:20:09.060538] Exception while inserting hotel
Exception:
Traceback (most recent call last):
  File "G:\Code\Programs\SE-Final-Project-Liliw-Tourism-temporary-transfer\app.py", line 2764, in admin_hotels_add
    resp = supabase.table('hotels').insert(hotel_data_with_cat).execute()
  File "g:\Code\Programs\SE-Final-Project-Liliw-Tourism-temporary-transfer\.venv\Lib\site-packages\postgrest\_sync\request_builder.py", line 53, in execute
    raise APIError(dict(json_obj))
postgrest.exceptions.APIError: {'message': 'invalid input syntax for type double precision: ""', 'code': '22P02', 'hint': None, 'details': None}

Payload:
{
  "name": "asdadw",
  "slug": "asdadw",
  "description": "",
  "address": "",
  "phone": "",
  "email": "",
  "price_min": null,
  "price_max": null,
  "image_url": null,
  "map_embed": "",
  "websites": [],
  "amenities": [],
  "gallery_urls": [],
  "latitude": "",
  "longitude": "",
  "is_active": true,
  "category": "Hotel"
}

[2025-12-17T19:20:09.169229] Exception while retrying insert without category
Exception:
Traceback (most recent call last):
  File "G:\Code\Programs\SE-Final-Project-Liliw-Tourism-temporary-transfer\app.py", line 2764, in admin_hotels_add
    resp = supabase.table('hotels').insert(hotel_data_with_cat).execute()
  File "g:\Code\Programs\SE-Final-Project-Liliw-Tourism-temporary-transfer\.venv\Lib\site-packages\postgrest\_sync\request_builder.py", line 53, in execute
    raise APIError(dict(json_obj))
postgrest.exceptions.APIError: {'message': 'invalid input syntax for type double precision: ""', 'code': '22P02', 'hint': None, 'details': None}

During handling of the above exception, another exception occurred:

Traceback (most recent call last):
  File "G:\Code\Programs\SE-Final-Project-Liliw-Tourism-temporary-transfer\app.py", line 2797, in admin_hotels_add
    resp_retry = supabase.table('hotels').insert(hotel_data).execute()
  File "g:\Code\Programs\SE-Final-Project-Liliw-Tourism-temporary-transfer\.venv\Lib\site-packages\postgrest\_sync\request_builder.py", line 53, in execute
    raise APIError(dict(json_obj))
postgrest.exceptions.APIError: {'message': 'invalid input syntax for type double precision: ""', 'code': '22P02', 'hint': None, 'details': None}

Payload:
{
  "name": "asdadw",
  "slug": "asdadw",
  "description": "",
  "address": "",
  "phone": "",
  "email": "",
  "price_min": null,
  "price_max": null,
  "image_url": null,
  "map_embed": "",
  "websites": [],
  "amenities": [],
  "gallery_urls": [],
  "latitude": "",
  "longitude": "",
  "is_active": true
}

[2025-12-17T19:21:24.442880] Exception while inserting hotel
Exception:
Traceback (most recent call last):
  File "G:\Code\Programs\SE-Final-Project-Liliw-Tourism-temporary-transfer\app.py", line 2764, in admin_hotels_add
    resp = supabase.table('hotels').insert(hotel_data_with_cat).execute()
  File "g:\Code\Programs\SE-Final-Project-Liliw-Tourism-temporary-transfer\.venv\Lib\site-packages\postgrest\_sync\request_builder.py", line 53, in execute
    raise APIError(dict(json_obj))
postgrest.exceptions.APIError: {'message': 'invalid input syntax for type double precision: ""', 'code': '22P02', 'hint': None, 'details': None}

Payload:
{
  "name": "asd",
  "slug": "asd",
  "description": "",
  "address": "",
  "phone": "",
  "email": "",
  "price_min": null,
  "price_max": null,
  "image_url": null,
  "map_embed": "",
  "websites": [],
  "amenities": [],
  "gallery_urls": [],
  "latitude": "",
  "longitude": "",
  "is_active": true,
  "category": "Hotel"
}

[2025-12-17T19:21:24.559312] Exception while retrying insert without category
Exception:
Traceback (most recent call last):
  File "G:\Code\Programs\SE-Final-Project-Liliw-Tourism-temporary-transfer\app.py", line 2764, in admin_hotels_add
    resp = supabase.table('hotels').insert(hotel_data_with_cat).execute()
  File "g:\Code\Programs\SE-Final-Project-Liliw-Tourism-temporary-transfer\.venv\Lib\site-packages\postgrest\_sync\request_builder.py", line 53, in execute
    raise APIError(dict(json_obj))
postgrest.exceptions.APIError: {'message': 'invalid input syntax for type double precision: ""', 'code': '22P02', 'hint': None, 'details': None}

During handling of the above exception, another exception occurred:

Traceback (most recent call last):
  File "G:\Code\Programs\SE-Final-Project-Liliw-Tourism-temporary-transfer\app.py", line 2797, in admin_hotels_add
    resp_retry = supabase.table('hotels').insert(hotel_data).execute()
  File "g:\Code\Programs\SE-Final-Project-Liliw-Tourism-temporary-transfer\.venv\Lib\site-packages\postgrest\_sync\request_builder.py", line 53, in execute
    raise APIError(dict(json_obj))
postgrest.exceptions.APIError: {'message': 'invalid input syntax for type double precision: ""', 'code': '22P02', 'hint': None, 'details': None}

Payload:
{
  "name": "asd",
  "slug": "asd",
  "description": "",
  "address": "",
  "phone": "",
  "email": "",
  "price_min": null,
  "price_max": null,
  "image_url": null,
  "map_embed": "",
  "websites": [],
  "amenities": [],
  "gallery_urls": [],
  "latitude": "",
  "longitude": "",
  "is_active": true
}

[2025-12-17T19:24:45.464769] Exception while inserting hotel
Exception:
Traceback (most recent call last):
  File "G:\Code\Programs\SE-Final-Project-Liliw-Tourism-temporary-transfer\app.py", line 2764, in admin_hotels_add
    resp = supabase.table('hotels').insert(hotel_data_with_cat).execute()
  File "g:\Code\Programs\SE-Final-Project-Liliw-Tourism-temporary-transfer\.venv\Lib\site-packages\postgrest\_sync\request_builder.py", line 53, in execute
    raise APIError(dict(json_obj))
postgrest.exceptions.APIError: {'message': 'invalid input syntax for type double precision: ""', 'code': '22P02', 'hint': None, 'details': None}

Payload:
{
  "name": "asdwda",
  "slug": "asdwda",
  "description": "",
  "address": "",
  "phone": "",
  "email": "",
  "price_min": null,
  "price_max": null,
  "image_url": null,
  "map_embed": "",
  "websites": [],
  "amenities": [],
  "gallery_urls": [],
  "latitude": "",
  "longitude": "",
  "is_active": true,
  "category": "Hotel"
}

[2025-12-17T19:24:45.566556] Exception while retrying insert without category
Exception:
Traceback (most recent call last):
  File "G:\Code\Programs\SE-Final-Project-Liliw-Tourism-temporary-transfer\app.py", line 2764, in admin_hotels_add
    resp = supabase.table('hotels').insert(hotel_data_with_cat).execute()
  File "g:\Code\Programs\SE-Final-Project-Liliw-Tourism-temporary-transfer\.venv\Lib\site-packages\postgrest\_sync\request_builder.py", line 53, in execute
    raise APIError(dict(json_obj))
postgrest.exceptions.APIError: {'message': 'invalid input syntax for type double precision: ""', 'code': '22P02', 'hint': None, 'details': None}

During handling of the above exception, another exception occurred:

Traceback (most recent call last):
  File "G:\Code\Programs\SE-Final-Project-Liliw-Tourism-temporary-transfer\app.py", line 2797, in admin_hotels_add
    resp_retry = supabase.table('hotels').insert(hotel_data).execute()
  File "g:\Code\Programs\SE-Final-Project-Liliw-Tourism-temporary-transfer\.venv\Lib\site-packages\postgrest\_sync\request_builder.py", line 53, in execute
    raise APIError(dict(json_obj))
postgrest.exceptions.APIError: {'message': 'invalid input syntax for type double precision: ""', 'code': '22P02', 'hint': None, 'details': None}

Payload:
{
  "name": "asdwda",
  "slug": "asdwda",
  "description": "",
  "address": "",
  "phone": "",
  "email": "",
  "price_min": null,
  "price_max": null,
  "image_url": null,
  "map_embed": "",
  "websites": [],
  "amenities": [],
  "gallery_urls": [],
  "latitude": "",
  "longitude": "",
  "is_active": true
}

[2025-12-17T19:26:41.898837] Exception while inserting hotel
Exception:
Traceback (most recent call last):
  File "G:\Code\Programs\SE-Final-Project-Liliw-Tourism-temporary-transfer\app.py", line 2776, in admin_hotels_add
    resp = supabase.table('hotels').insert(hotel_data_with_cat).execute()
  File "g:\Code\Programs\SE-Final-Project-Liliw-Tourism-temporary-transfer\.venv\Lib\site-packages\postgrest\_sync\request_builder.py", line 53, in execute
    raise APIError(dict(json_obj))
postgrest.exceptions.APIError: {'message': 'duplicate key value violates unique constraint "hotels_slug_key"', 'code': '23505', 'hint': None, 'details': None}

Payload:
{
  "name": "asd",
  "slug": "asd",
  "description": "",
  "address": "",
  "phone": "",
  "email": "",
  "price_min": null,
  "price_max": null,
  "image_url": null,
  "map_embed": "",
  "websites": [],
  "amenities": [],
  "gallery_urls": [],
  "latitude": null,
  "longitude": null,
  "is_active": true,
  "category": "Hotel"
}

[2025-12-17T19:26:42.073482] Exception while retrying insert without category
Exception:
Traceback (most recent call last):
  File "G:\Code\Programs\SE-Final-Project-Liliw-Tourism-temporary-transfer\app.py", line 2776, in admin_hotels_add
    resp = supabase.table('hotels').insert(hotel_data_with_cat).execute()
  File "g:\Code\Programs\SE-Final-Project-Liliw-Tourism-temporary-transfer\.venv\Lib\site-packages\postgrest\_sync\request_builder.py", line 53, in execute
    raise APIError(dict(json_obj))
postgrest.exceptions.APIError: {'message': 'duplicate key value violates unique constraint "hotels_slug_key"', 'code': '23505', 'hint': None, 'details': None}

During handling of the above exception, another exception occurred:

Traceback (most recent call last):
  File "G:\Code\Programs\SE-Final-Project-Liliw-Tourism-temporary-transfer\app.py", line 2809, in admin_hotels_add
    resp_retry = supabase.table('hotels').insert(hotel_data).execute()
  File "g:\Code\Programs\SE-Final-Project-Liliw-Tourism-temporary-transfer\.venv\Lib\site-packages\postgrest\_sync\request_builder.py", line 53, in execute
    raise APIError(dict(json_obj))
postgrest.exceptions.APIError: {'message': 'duplicate key value violates unique constraint "hotels_slug_key"', 'code': '23505', 'hint': None, 'details': None}

Payload:
{
  "name": "asd",
  "slug": "asd",
  "description": "",
  "address": "",
  "phone": "",
  "email": "",
  "price_min": null,
  "price_max": null,
  "image_url": null,
  "map_embed": "",
  "websites": [],
  "amenities": [],
  "gallery_urls": [],
  "latitude": null,
  "longitude": null,
  "is_active": true
}

